[alone.uz/index.html]
[backblue.gif]
[fade.gif]
[index.html]
[alone.uz/style.css]
[cdnjs.cloudflare.com/ajax/libs/font-awesome/5.15.3/css/all.min.css]
[code.jquery.com/jquery-3.5.1.min.js]
[cdnjs.cloudflare.com/ajax/libs/typed.js/2.0.11/typed.min.js]
[cdnjs.cloudflare.com/ajax/libs/waypoints/4.0.1/jquery.waypoints.min.js]
[cdnjs.cloudflare.com/ajax/libs/OwlCarousel2/2.3.4/owl.carousel.min.js]
[cdnjs.cloudflare.com/ajax/libs/OwlCarousel2/2.3.4/assets/owl.carousel.min.css]
[maxcdn.bootstrapcdn.com/font-awesome/4.1.0/css/font-awesome.min.css]
[static-00.iconduck.com/assets.00/web-developer-illustration-503x512-mega3xxj.png]
[img.icons8.com/material-outlined/384/FFFFFF/mysql-logo.png]
[uploads-ssl.webflow.com/5d2739e4cf8d9538f80af0a6/60f94f66cc29f16b75250ac7_Frame 203.png]
[www.pngkey.com/png/full/235-2350323_white-icon-office-365-png-white-icon-azure.png]
[alone.uz/script.js]
[alone.uz/index.html]
[images.squarespace-cdn.com/content/v1/5c331c4b365f02265240d55d/1548174164955-73TUJ3LUJH1CGIE6XU1S/computer-kbd-1680x800-dk9ee9.jpg]
[alone.uz/style.css]
[cdnjs.cloudflare.com/ajax/libs/font-awesome/5.15.3/css/all.min.css]
[cdnjs.cloudflare.com/ajax/libs/OwlCarousel2/2.3.4/assets/owl.carousel.min.css]
[maxcdn.bootstrapcdn.com/font-awesome/4.1.0/css/font-awesome.min.css]
[cdnjs.cloudflare.com/ajax/libs/OwlCarousel2/2.3.4/assets/owl.video.play.png]
